OpenRA engine version release-20230225
ww3mod mod version release-20230225
on map 9f22d4b8dc3319de449bc29239f72495075d69bd (Polar Disorder WW3 by PizzaAtomica).
Date: 2026-08-02 22:16:25Z
Operating System: Windows (X64, Microsoft Windows NT 10.0.26200.0)
Runtime Version: .NET CLR 8.0.27
Installed Language: en (Installed) en (Current) en (Current UI)
Exception of type `System.IndexOutOfRangeException`: Index was outside the bounds of the array.
   at OpenRA.Map.GetTerrainIndex(CPos cell) in C:\Users\fredr\Desktop\WW3MOD\engine\OpenRA.Game\Map\Map.cs:line 1630
   at OpenRA.Mods.Common.Traits.HuskDecay.OpenRA.Traits.INotifyAddedToWorld.AddedToWorld(Actor self) in C:\Users\fredr\Desktop\WW3MOD\engine\OpenRA.Mods.Common\Traits\HuskDecay.cs:line 70
   at OpenRA.World.Add(Actor a) in C:\Users\fredr\Desktop\WW3MOD\engine\OpenRA.Game\World.cs:line 392
   at OpenRA.Actor.Initialize(Boolean addToWorld) in C:\Users\fredr\Desktop\WW3MOD\engine\OpenRA.Game\Actor.cs:line 282
   at OpenRA.Mods.Common.Traits.SpawnActorOnDeath.<>c__DisplayClass8_0.<SpawnActor>b__4(World w) in C:\Users\fredr\Desktop\WW3MOD\engine\OpenRA.Mods.Common\Traits\SpawnActorOnDeath.cs:line 163
   at OpenRA.World.Tick() in C:\Users\fredr\Desktop\WW3MOD\engine\OpenRA.Game\World.cs:line 466
   at OpenRA.Game.InnerLogicTick(OrderManager orderManager) in C:\Users\fredr\Desktop\WW3MOD\engine\OpenRA.Game\Game.cs:line 808
   at OpenRA.Game.LogicTick() in C:\Users\fredr\Desktop\WW3MOD\engine\OpenRA.Game\Game.cs:line 836
   at OpenRA.Game.Loop() in C:\Users\fredr\Desktop\WW3MOD\engine\OpenRA.Game\Game.cs:line 1023
   at OpenRA.Game.Run() in C:\Users\fredr\Desktop\WW3MOD\engine\OpenRA.Game\Game.cs:line 1081
   at OpenRA.Game.InitializeAndRun(String[] args) in C:\Users\fredr\Desktop\WW3MOD\engine\OpenRA.Game\Game.cs:line 315
   at OpenRA.Launcher.Program.Main(String[] args) in C:\Users\fredr\Desktop\WW3MOD\engine\OpenRA.Launcher\Program.cs:line 32

