OpenRA engine version release-20230225
ww3mod mod version release-20230225
on map b439cb40296b26a0dce37e207542535b5e07f8e8 (River Zeta WW3 by Medium Tank, ZxGanon, XavierX).
Date: 2026-08-03 04:47:02Z
Operating System: Windows (X64, Microsoft Windows NT 10.0.26200.0)
Runtime Version: .NET CLR 8.0.27
Installed Language: en (Installed) en (Current) en (Current UI)
Exception of type `System.NullReferenceException`: Object reference not set to an instance of an object.
   at OpenRA.Actor.get_Location() in C:\Users\fredr\Desktop\WW3MOD\engine\OpenRA.Game\Actor.cs:line 78
   at OpenRA.Mods.Common.Traits.EngineerRouteOpenBotModule.<>c__DisplayClass21_0.<FindBridgeHutAt>b__0(Actor a) in C:\Users\fredr\Desktop\WW3MOD\engine\OpenRA.Mods.Common\Traits\BotModules\EngineerRouteOpenBotModule.cs:line 425
   at System.Linq.Enumerable.TryGetFirst[TSource](IEnumerable`1 source, Func`2 predicate, Boolean& found)
   at System.Linq.Enumerable.FirstOrDefault[TSource](IEnumerable`1 source, Func`2 predicate)
   at OpenRA.Mods.Common.Traits.EngineerRouteOpenBotModule.FindBridgeHutAt(CPos cell) in C:\Users\fredr\Desktop\WW3MOD\engine\OpenRA.Mods.Common\Traits\BotModules\EngineerRouteOpenBotModule.cs:line 424
   at OpenRA.Mods.Common.Traits.EngineerRouteOpenBotModule.FindRepairTargetInWeakestSector(Int32 weakestSector, CPos& hutCell) in C:\Users\fredr\Desktop\WW3MOD\engine\OpenRA.Mods.Common\Traits\BotModules\EngineerRouteOpenBotModule.cs:line 403
   at OpenRA.Mods.Common.Traits.EngineerRouteOpenBotModule.TryStartMission(IBot bot) in C:\Users\fredr\Desktop\WW3MOD\engine\OpenRA.Mods.Common\Traits\BotModules\EngineerRouteOpenBotModule.cs:line 339
   at OpenRA.Mods.Common.Traits.ModularBot.<OpenRA.Traits.ITick.Tick>b__16_0() in C:\Users\fredr\Desktop\WW3MOD\engine\OpenRA.Mods.Common\Traits\Player\ModularBot.cs:line 115
   at OpenRA.Sync.<>c__DisplayClass14_0.<RunUnsynced>b__0() in C:\Users\fredr\Desktop\WW3MOD\engine\OpenRA.Game\Sync.cs:line 172
   at OpenRA.Sync.RunUnsynced[T](Boolean checkSyncHash, World world, Func`1 fn) in C:\Users\fredr\Desktop\WW3MOD\engine\OpenRA.Game\Sync.cs:line 192
   at OpenRA.Sync.RunUnsynced(Boolean checkSyncHash, World world, Action fn) in C:\Users\fredr\Desktop\WW3MOD\engine\OpenRA.Game\Sync.cs:line 172
   at OpenRA.Mods.Common.Traits.ModularBot.OpenRA.Traits.ITick.Tick(Actor self) in C:\Users\fredr\Desktop\WW3MOD\engine\OpenRA.Mods.Common\Traits\Player\ModularBot.cs:line 107
   at OpenRA.World.Tick() in C:\Users\fredr\Desktop\WW3MOD\engine\OpenRA.Game\World.cs:line 466
   at OpenRA.Game.InnerLogicTick(OrderManager orderManager) in C:\Users\fredr\Desktop\WW3MOD\engine\OpenRA.Game\Game.cs:line 808
   at OpenRA.Game.LogicTick() in C:\Users\fredr\Desktop\WW3MOD\engine\OpenRA.Game\Game.cs:line 836
   at OpenRA.Game.Loop() in C:\Users\fredr\Desktop\WW3MOD\engine\OpenRA.Game\Game.cs:line 1023
   at OpenRA.Game.Run() in C:\Users\fredr\Desktop\WW3MOD\engine\OpenRA.Game\Game.cs:line 1081
   at OpenRA.Game.InitializeAndRun(String[] args) in C:\Users\fredr\Desktop\WW3MOD\engine\OpenRA.Game\Game.cs:line 315
   at OpenRA.Launcher.Program.Main(String[] args) in C:\Users\fredr\Desktop\WW3MOD\engine\OpenRA.Launcher\Program.cs:line 32

