OpenRA engine version release-20230225
ww3mod mod version release-20230225
on map ab48e33a8f120e9369efc010fdf4ca784f5f42b9 (TEST: experimental POI capture — close safe derrick by WW3MOD).
Date: 2026-07-19 22:29:40Z
Operating System: Windows (X64, Microsoft Windows NT 10.0.26200.0)
Runtime Version: .NET CLR 8.0.27
Installed Language: en (Installed) en (Current) en (Current UI)
Exception of type `System.InvalidOperationException`: Actor player has multiple traits of type `OpenRA.Mods.Common.Traits.PoiGoalGuard`
   at OpenRA.TraitDictionary.TraitContainer`1.GetOrDefault(Actor actor) in C:\Users\fredr\worktrees\ww3mod\ai-bench\engine\OpenRA.Game\TraitDictionary.cs:line 175
   at OpenRA.TraitDictionary.GetOrDefault[T](Actor actor) in C:\Users\fredr\worktrees\ww3mod\ai-bench\engine\OpenRA.Game\TraitDictionary.cs:line 96
   at OpenRA.Actor.TraitOrDefault[T]() in C:\Users\fredr\worktrees\ww3mod\ai-bench\engine\OpenRA.Game\Actor.cs:line 436
   at OpenRA.Mods.Common.Traits.CaptureCoordinatorBotModule.OpenRA.Mods.Common.Traits.IBotTick.BotTick(IBot bot) in C:\Users\fredr\worktrees\ww3mod\ai-bench\engine\OpenRA.Mods.Common\Traits\BotModules\CaptureCoordinatorBotModule.cs:line 181
   at OpenRA.Mods.Common.Traits.ModularBot.<OpenRA.Traits.ITick.Tick>b__14_0() in C:\Users\fredr\worktrees\ww3mod\ai-bench\engine\OpenRA.Mods.Common\Traits\Player\ModularBot.cs:line 97
   at OpenRA.Sync.<>c__DisplayClass14_0.<RunUnsynced>b__0() in C:\Users\fredr\worktrees\ww3mod\ai-bench\engine\OpenRA.Game\Sync.cs:line 172
   at OpenRA.Sync.RunUnsynced[T](Boolean checkSyncHash, World world, Func`1 fn) in C:\Users\fredr\worktrees\ww3mod\ai-bench\engine\OpenRA.Game\Sync.cs:line 192
   at OpenRA.Sync.RunUnsynced(Boolean checkSyncHash, World world, Action fn) in C:\Users\fredr\worktrees\ww3mod\ai-bench\engine\OpenRA.Game\Sync.cs:line 172
   at OpenRA.Mods.Common.Traits.ModularBot.OpenRA.Traits.ITick.Tick(Actor self) in C:\Users\fredr\worktrees\ww3mod\ai-bench\engine\OpenRA.Mods.Common\Traits\Player\ModularBot.cs:line 93
   at OpenRA.World.<>c.<Tick>b__113_0(Actor actor, ITick trait) in C:\Users\fredr\worktrees\ww3mod\ai-bench\engine\OpenRA.Game\World.cs:line 467
   at OpenRA.TraitDictionary.TraitContainer`1.ApplyToAllTimed(Action`2 action, String text) in C:\Users\fredr\worktrees\ww3mod\ai-bench\engine\OpenRA.Game\TraitDictionary.cs:line 312
   at OpenRA.TraitDictionary.ApplyToActorsWithTraitTimed[T](Action`2 action, String text) in C:\Users\fredr\worktrees\ww3mod\ai-bench\engine\OpenRA.Game\TraitDictionary.cs:line 133
   at OpenRA.World.ApplyToActorsWithTraitTimed[T](Action`2 action, String text) in C:\Users\fredr\worktrees\ww3mod\ai-bench\engine\OpenRA.Game\World.cs:line 547
   at OpenRA.World.Tick() in C:\Users\fredr\worktrees\ww3mod\ai-bench\engine\OpenRA.Game\World.cs:line 467
   at OpenRA.Game.InnerLogicTick(OrderManager orderManager) in C:\Users\fredr\worktrees\ww3mod\ai-bench\engine\OpenRA.Game\Game.cs:line 808
   at OpenRA.Game.LogicTick() in C:\Users\fredr\worktrees\ww3mod\ai-bench\engine\OpenRA.Game\Game.cs:line 836
   at OpenRA.Game.Loop() in C:\Users\fredr\worktrees\ww3mod\ai-bench\engine\OpenRA.Game\Game.cs:line 1023
   at OpenRA.Game.Run() in C:\Users\fredr\worktrees\ww3mod\ai-bench\engine\OpenRA.Game\Game.cs:line 1076
   at OpenRA.Game.InitializeAndRun(String[] args) in C:\Users\fredr\worktrees\ww3mod\ai-bench\engine\OpenRA.Game\Game.cs:line 315
   at OpenRA.Launcher.Program.Main(String[] args) in C:\Users\fredr\worktrees\ww3mod\ai-bench\engine\OpenRA.Launcher\Program.cs:line 32

