OpenRA engine version release-20230225
ww3mod mod version release-20230225
on map 35e9f6b97d111e6ccd44fd3b18bfbb224bdb7a59 (River Zeta WW3 by Medium Tank, ZxGanon, XavierX).
Date: 2026-08-16 16:32:34Z
Operating System: Windows (X64, Microsoft Windows NT 10.0.26200.0)
Runtime Version: .NET CLR 8.0.27
Installed Language: en (Installed) en (Current) en (Current UI)
Exception of type `System.InvalidOperationException`: Sequence contains more than one matching element
   at System.Linq.ThrowHelper.ThrowMoreThanOneMatchException()
   at System.Linq.Enumerable.TryGetSingle[TSource](IEnumerable`1 source, Func`2 predicate, Boolean& found)
   at System.Linq.Enumerable.SingleOrDefault[TSource](IEnumerable`1 source, Func`2 predicate)
   at OpenRA.Network.Session.ClientInSlot(String slot) in C:\Users\fredr\Desktop\WW3MOD\engine\OpenRA.Game\Network\Session.cs:line 94
   at OpenRA.Mods.Common.Traits.MapStartingLocations.OpenRA.Traits.INotifyCreated.Created(Actor self) in C:\Users\fredr\Desktop\WW3MOD\engine\OpenRA.Mods.Common\Traits\World\MapStartingLocations.cs:line 138
   at OpenRA.Actor.Initialize(Boolean addToWorld) in C:\Users\fredr\Desktop\WW3MOD\engine\OpenRA.Game\Actor.cs:line 232
   at OpenRA.World.CreateActor(Boolean addToWorld, String name, TypeDictionary initDict) in C:\Users\fredr\Desktop\WW3MOD\engine\OpenRA.Game\World.cs:line 384
   at OpenRA.World.CreateActor(String name, TypeDictionary initDict) in C:\Users\fredr\Desktop\WW3MOD\engine\OpenRA.Game\World.cs:line 373
   at OpenRA.World..ctor(String mapUID, ModData modData, OrderManager orderManager, WorldType type) in C:\Users\fredr\Desktop\WW3MOD\engine\OpenRA.Game\World.cs:line 250
   at OpenRA.Game.StartGame(String mapUID, WorldType type) in C:\Users\fredr\Desktop\WW3MOD\engine\OpenRA.Game\Game.cs:line 195
   at OpenRA.Game.LoadShellMap() in C:\Users\fredr\Desktop\WW3MOD\engine\OpenRA.Game\Game.cs:line 532
   at OpenRA.Primitives.ActionQueue.PerformActions(Int64 currentTime) in C:\Users\fredr\Desktop\WW3MOD\engine\OpenRA.Game\Primitives\ActionQueue.cs:line 53
   at OpenRA.Game.LogicTick() in C:\Users\fredr\Desktop\WW3MOD\engine\OpenRA.Game\Game.cs:line 824
   at OpenRA.Game.Loop() in C:\Users\fredr\Desktop\WW3MOD\engine\OpenRA.Game\Game.cs:line 1023
   at OpenRA.Game.Run() in C:\Users\fredr\Desktop\WW3MOD\engine\OpenRA.Game\Game.cs:line 1081
   at OpenRA.Game.InitializeAndRun(String[] args) in C:\Users\fredr\Desktop\WW3MOD\engine\OpenRA.Game\Game.cs:line 315
   at OpenRA.Launcher.Program.Main(String[] args) in C:\Users\fredr\Desktop\WW3MOD\engine\OpenRA.Launcher\Program.cs:line 32

