OpenRA engine version release-20230225
ww3mod mod version release-20230225
on map f66f806fb7aa0486b0a9d1df83628765e7eaa29f (TEST: on a safe front the truck serves and keeps its cargo by WW3MOD).
Date: 2026-08-10 06:45:55Z
Operating System: Windows (X64, Microsoft Windows NT 10.0.26200.0)
Runtime Version: .NET CLR 8.0.27
Installed Language: en (Installed) en (Current) en (Current UI)
Exception of type `System.InvalidOperationException`: Attempted to get trait from destroyed object (truk 9 (not in world))
   at OpenRA.TraitDictionary.CheckDestroyed(Actor actor) in C:\Users\fredr\Desktop\WW3MOD\engine\OpenRA.Game\TraitDictionary.cs:line 84
   at OpenRA.TraitDictionary.GetOrDefault[T](Actor actor) in C:\Users\fredr\Desktop\WW3MOD\engine\OpenRA.Game\TraitDictionary.cs:line 95
   at OpenRA.Mods.Common.Traits.SupplyFollowerBotModule.OpenRA.Mods.Common.Traits.IBotTick.BotTick(IBot bot) in C:\Users\fredr\Desktop\WW3MOD\engine\OpenRA.Mods.Common\Traits\BotModules\SupplyFollowerBotModule.cs:line 585
   at OpenRA.Mods.Common.Traits.ModularBot.<OpenRA.Traits.ITick.Tick>b__24_0() in C:\Users\fredr\Desktop\WW3MOD\engine\OpenRA.Mods.Common\Traits\Player\ModularBot.cs:line 229
   at OpenRA.Sync.<>c__DisplayClass14_0.<RunUnsynced>b__0() in C:\Users\fredr\Desktop\WW3MOD\engine\OpenRA.Game\Sync.cs:line 172
   at OpenRA.Sync.RunUnsynced[T](Boolean checkSyncHash, World world, Func`1 fn) in C:\Users\fredr\Desktop\WW3MOD\engine\OpenRA.Game\Sync.cs:line 192
   at OpenRA.Sync.RunUnsynced(Boolean checkSyncHash, World world, Action fn) in C:\Users\fredr\Desktop\WW3MOD\engine\OpenRA.Game\Sync.cs:line 172
   at OpenRA.Mods.Common.Traits.ModularBot.OpenRA.Traits.ITick.Tick(Actor self) in C:\Users\fredr\Desktop\WW3MOD\engine\OpenRA.Mods.Common\Traits\Player\ModularBot.cs:line 211
   at OpenRA.World.Tick() in C:\Users\fredr\Desktop\WW3MOD\engine\OpenRA.Game\World.cs:line 469
   at OpenRA.Game.InnerLogicTick(OrderManager orderManager) in C:\Users\fredr\Desktop\WW3MOD\engine\OpenRA.Game\Game.cs:line 808
   at OpenRA.Game.LogicTick() in C:\Users\fredr\Desktop\WW3MOD\engine\OpenRA.Game\Game.cs:line 836
   at OpenRA.Game.Loop() in C:\Users\fredr\Desktop\WW3MOD\engine\OpenRA.Game\Game.cs:line 1023
   at OpenRA.Game.Run() in C:\Users\fredr\Desktop\WW3MOD\engine\OpenRA.Game\Game.cs:line 1081
   at OpenRA.Game.InitializeAndRun(String[] args) in C:\Users\fredr\Desktop\WW3MOD\engine\OpenRA.Game\Game.cs:line 315
   at OpenRA.Launcher.Program.Main(String[] args) in C:\Users\fredr\Desktop\WW3MOD\engine\OpenRA.Launcher\Program.cs:line 32

