OpenRA engine version release-20230225
ww3mod mod version release-20230225
on map b2ac2865eb86ab9c475c9968025861c63734fbb2 (River Zeta WW3 by Medium Tank, ZxGanon, XavierX).
Date: 2026-07-24 06:52:16Z
Operating System: Windows (X64, Microsoft Windows NT 10.0.26200.0)
Runtime Version: .NET CLR 8.0.27
Installed Language: en (Installed) en (Current) en (Current UI)
Exception of type `System.IO.FileNotFoundException`: File not found: journey.aud
   at OpenRA.FileSystem.FileSystem.Open(String filename) in C:\Users\fredr\worktrees\ww3mod\lobby-teams\engine\OpenRA.Game\FileSystem\FileSystem.cs:line 204
   at OpenRA.Map.Open(String filename) in C:\Users\fredr\worktrees\ww3mod\lobby-teams\engine\OpenRA.Game\Map\Map.cs:line 1892
   at OpenRA.Sound.LoadSound[T](String filename, Func`2 loadFormat) in C:\Users\fredr\worktrees\ww3mod\lobby-teams\engine\OpenRA.Game\Sound\Sound.cs:line 67
   at OpenRA.Sound.PlayMusic(MusicInfo m, Boolean looped) in C:\Users\fredr\worktrees\ww3mod\lobby-teams\engine\OpenRA.Game\Sound\Sound.cs:line 258
   at OpenRA.Sound.PlayMusicThen(MusicInfo m, Action then) in C:\Users\fredr\worktrees\ww3mod\lobby-teams\engine\OpenRA.Game\Sound\Sound.cs:line 244
   at OpenRA.Mods.Common.Traits.MusicPlaylist.Play()
   at OpenRA.Mods.Common.Traits.MusicPlaylist.PlayNextSong()
   at OpenRA.Game.InnerLogicTick(OrderManager orderManager) in C:\Users\fredr\worktrees\ww3mod\lobby-teams\engine\OpenRA.Game\Game.cs:line 793
   at OpenRA.Game.LogicTick() in C:\Users\fredr\worktrees\ww3mod\lobby-teams\engine\OpenRA.Game\Game.cs:line 836
   at OpenRA.Game.Loop() in C:\Users\fredr\worktrees\ww3mod\lobby-teams\engine\OpenRA.Game\Game.cs:line 1023
   at OpenRA.Game.Run() in C:\Users\fredr\worktrees\ww3mod\lobby-teams\engine\OpenRA.Game\Game.cs:line 1081
   at OpenRA.Game.InitializeAndRun(String[] args) in C:\Users\fredr\worktrees\ww3mod\lobby-teams\engine\OpenRA.Game\Game.cs:line 315
   at OpenRA.Launcher.Program.Main(String[] args)

