OpenRA engine version release-20230225
ww3mod mod version release-20230225
on map b2ac2865eb86ab9c475c9968025861c63734fbb2 (River Zeta WW3 by Medium Tank, ZxGanon, XavierX).
Date: 2026-07-25 17:42:45Z
Operating System: Windows (X64, Microsoft Windows NT 10.0.26200.0)
Runtime Version: .NET CLR 8.0.27
Installed Language: en (Installed) en (Current) en (Current UI)
Exception of type `System.InvalidOperationException`: Attempted to get trait from destroyed object (hind 4780 (not in world))
   at OpenRA.Mods.Common.Traits.BotModules.Squads.HelicopterStateBase.SendDamagedUnitsHome(Squad owner) in C:\Users\fredr\Desktop\WW3MOD\engine\OpenRA.Mods.Common\Traits\BotModules\Squads\States\HelicopterStates.cs:line 100
   at OpenRA.Mods.Common.Traits.BotModules.Squads.HelicopterWithdrawState.Tick(Squad owner) in C:\Users\fredr\Desktop\WW3MOD\engine\OpenRA.Mods.Common\Traits\BotModules\Squads\States\HelicopterStates.cs:line 579
   at OpenRA.Mods.Common.Traits.HelicopterSquadBotModule.UpdateSquads() in C:\Users\fredr\Desktop\WW3MOD\engine\OpenRA.Mods.Common\Traits\BotModules\HelicopterSquadBotModule.cs:line 245
   at OpenRA.Mods.Common.Traits.HelicopterSquadBotModule.OpenRA.Mods.Common.Traits.IBotTick.BotTick(IBot bot) in C:\Users\fredr\Desktop\WW3MOD\engine\OpenRA.Mods.Common\Traits\BotModules\HelicopterSquadBotModule.cs:line 150
   at OpenRA.Mods.Common.Traits.ModularBot.<OpenRA.Traits.ITick.Tick>b__14_0() in C:\Users\fredr\Desktop\WW3MOD\engine\OpenRA.Mods.Common\Traits\Player\ModularBot.cs:line 97
   at OpenRA.Sync.<>c__DisplayClass14_0.<RunUnsynced>b__0() in C:\Users\fredr\Desktop\WW3MOD\engine\OpenRA.Game\Sync.cs:line 172
   at OpenRA.Sync.RunUnsynced[T](Boolean checkSyncHash, World world, Func`1 fn) in C:\Users\fredr\Desktop\WW3MOD\engine\OpenRA.Game\Sync.cs:line 192
   at OpenRA.Sync.RunUnsynced(Boolean checkSyncHash, World world, Action fn) in C:\Users\fredr\Desktop\WW3MOD\engine\OpenRA.Game\Sync.cs:line 172
   at OpenRA.Mods.Common.Traits.ModularBot.OpenRA.Traits.ITick.Tick(Actor self) in C:\Users\fredr\Desktop\WW3MOD\engine\OpenRA.Mods.Common\Traits\Player\ModularBot.cs:line 93
   at OpenRA.World.Tick() in C:\Users\fredr\Desktop\WW3MOD\engine\OpenRA.Game\World.cs:line 466
   at OpenRA.Game.InnerLogicTick(OrderManager orderManager) in C:\Users\fredr\Desktop\WW3MOD\engine\OpenRA.Game\Game.cs:line 808
   at OpenRA.Game.LogicTick() in C:\Users\fredr\Desktop\WW3MOD\engine\OpenRA.Game\Game.cs:line 836
   at OpenRA.Game.Loop() in C:\Users\fredr\Desktop\WW3MOD\engine\OpenRA.Game\Game.cs:line 1023
   at OpenRA.Game.Run() in C:\Users\fredr\Desktop\WW3MOD\engine\OpenRA.Game\Game.cs:line 1081
   at OpenRA.Game.InitializeAndRun(String[] args) in C:\Users\fredr\Desktop\WW3MOD\engine\OpenRA.Game\Game.cs:line 315
   at OpenRA.Launcher.Program.Main(String[] args) in C:\Users\fredr\Desktop\WW3MOD\engine\OpenRA.Launcher\Program.cs:line 32

