IAirborneVisibility: 723287
IAlwaysVisibleBar: 289132
Production: 37595
DeveloperMode: 32548
Reservable: 28146
IHealth: 15991
IPaletteModifier: 15453
IRenderOverlay: 15452
ISelectionBar: 15189
IRenderAnnotationsWhenSelected: 13833
IRenderAboveShroudWhenSelected: 13833
IIssueOrder: 11844
IndirectFire: 4888
IDisableEnemyAutoTarget: 4856
AttackBase: 4620
Aircraft: 4180
HitShape: 4149
AmmoPool: 3479
ExternalCondition: 3349
CohesionSlotMemory: 2341
PrimaryBuilding: 1499
ProvidesMiniMap: 1498
IMiniMapSignature: 1498
ITooltip: 1274
IProvideTooltipInfo: 1266
SupplyProvider: 1187
ISelectionPriorityModifier: 1084
Rearmable: 768
IPassable: 688
ITemporaryBlocker: 688
DebugVisualizations: 589
ISync: 522
Health: 440
AttackAircraft: 431
Armor: 412
Mobile: 400
IConditionTimerWatcher: 361
INotifyIdle: 316
BodyOrientation: 266
IFacing: 265
RenderSprites: 259
IVisionModifier: 240
IMove: 204
IIssueDeployOrder: 195
INotifyAppliedDamage: 192
AutoTarget: 142
AttackMove: 137
Cloak: 136
Turreted: 129
GpsWatcher: 112
ITechTreePrerequisite: 92
Buildable: 92
TechTree: 82
JamsMissiles: 76
IBlocksProjectiles: 59
PlayerResources: 57
IReloadAmmoModifier: 56
INotifyDamage: 54
INotifyKilled: 54
IDamageModifier: 54
IVoiced: 49
ITargetableCells: 47
GrantConditionOnPrerequisiteManager: 44
IPositionable: 44
CaptureManager: 41
UnitRoleResolver: 40
PoiGoalGuard: 40
IBotRequestPauseUnitProduction: 40
IRenderInfantrySequenceModifier: 40
Armament: 40
SmudgeLayer: 35
INotifyCreated: 34
INotifyAddedToWorld: 34
IObservesVariables: 34
ICreationActivity: 34
PlayerStatistics: 34
IShouldHideModifier: 34
SupportPower: 33
GainsExperience: 32
IFirepowerModifier: 30
IReloadModifier: 30
IBurstModifier: 30
IBurstWaitModifier: 30
IInaccuracyModifier: 30
INotifyAttack: 30
INotifyBurstComplete: 30
INotifyMagazineComplete: 30
IRangeModifier: 30
IAutoMouseBounds: 29
INotifyDamageStateChanged: 27
SquadManagerBotModule: 26
Interactable: 26
IDecoration: 26
IMiniMapColorModifier: 26
IGivesExperienceModifier: 26
AnnounceOnSeen: 26
RejectsOrders: 26
IDetectableAddativeModifier: 25
INotifyCenterPositionChanged: 25
INotifyOrderIssued: 24
PowerManager: 24
Tooltip: 24
INotifyMoving: 24
Guard: 24
AutoTargetPriority: 24
INotifyAiming: 24
IOverrideAutoTarget: 24
INotifyStanceChanged: 24
INotifyEngagementStanceChanged: 24
ScriptTags: 24
Locomotor: 22
SightingThreatLayer: 21
INotifyDiscovered: 21
Captures: 21
ICaptureProgressWatcher: 21
Capturable: 21
TerrainAffordanceLayer: 20
MapOptions: 20
IPathFinder: 20
IBotPositionsUpdated: 20
IWrapMove: 20
INotifyCustomLayerChanged: 20
INotifyFinishedMoving: 20
INotifyDeployTriggered: 20
AttackTurreted: 20
ITurretTurnSpeedModifier: 20
DrawLineToTarget: 17
IBotNotifyIdleBaseUnits: 16
IBotRequestUnitProduction: 16
CaptureManagerBotModule: 16
Cargo: 16
MiniMapPings: 15
IOrderVoice: 15
ChatCommands: 13
MapLayers: 12
FrozenActorLayer: 12
PlayerExperience: 11
INotifySelected: 11
ControlAllUnitsManager: 9
INotifyActorDisposing: 8
HelpCommand: 8
INotifyRemovedFromWorld: 8
GarrisonManager: 8
IModifyGroupOrder: 7
IGainsExperienceModifier: 7
RallyPoint: 6
IWorldLoaded: 5
IPostWorldLoaded: 5
INotifyPlayerDisconnected: 5
ProductionQueue: 5
IMiniMapTerrainLayer: 5
ILoadsPlayerPalettes: 4
IUnlocksRenderPlayer: 4
ISpeedModifier: 4
Repairable: 4
VehicleCrew: 4
IAircraftCenterPositionOffset: 4
IOverrideAircraftLanding: 4
ControlField: 3
MusicPlaylist: 2
TerrainGeometryOverlay: 2
UnitDefaultsManager: 2
BeliefStore: 2
BuildingInfluence: 2
IObjectivesPanel: 2
TimeLimitManager: 2
LuaScript: 2
SupportPowerManager: 2
IPreventMapSpawn: 2
ICargoCanLoadFilter: 2
IRadarModifier: 2
ILoadsPalettes: 1
IActorMap: 1
ScreenMap: 1
ISelection: 1
IControlGroups: 1
IRenderTerrain: 1
InfluenceMap: 1
DangerFieldLayer: 1
INotifyChat: 1
CustomTerrainDebugOverlay: 1
SpawnMapActors: 1
ICreatePlayers: 1
IValidateOrder: 1
PathFinderOverlay: 1
HierarchicalPathFinderOverlay: 1
ICustomMovementLayer: 1
INotifySelection: 1
MissionObjectives: 1
IProductionIconOverlay: 1
PlayerMiniMapTerrain: 1
IAssignSpawnPoints: 1
INotifyViewportZoomExtentsChanged: 1
ITerrainLighting: 1
IRenderer: 1
IRenderPostProcessPass: 1
Bridge: 1
Building: 1
IDeathActorInitModifier: 1
IResourceRenderer: 1
FlashPostProcessEffect: 1
TintPostProcessEffect: 1
StrategicVictoryConditions: 1
IHuskModifier: 1
MenuPostProcessEffect: 1
